// Jest Snapshot v1, https://goo.gl/fbAQLP

exports[`<FormDateTimeInput /> renders correctly 1`] = `
<View
  style={
    Object {
      "marginVertical": 16,
    }
  }
>
  <Text
    style={
      Object {
        "color": "black",
        "fontFamily": "Signika-Regular",
        "fontSize": 18,
      }
    }
  >
    Date
  </Text>
  <View
    accessible={true}
    collapsable={false}
    focusable={true}
    onBlur={[Function]}
    onClick={[Function]}
    onFocus={[Function]}
    onResponderGrant={[Function]}
    onResponderMove={[Function]}
    onResponderRelease={[Function]}
    onResponderTerminate={[Function]}
    onResponderTerminationRequest={[Function]}
    onStartShouldSetResponder={[Function]}
    style={
      Object {
        "backgroundColor": "#F4F4F4",
        "borderRadius": 8,
        "color": "#666666",
        "fontFamily": "Signika-Regular",
        "fontSize": 16,
        "marginTop": 8,
        "paddingHorizontal": 24,
        "paddingVertical": 24,
      }
    }
  >
    <Text
      style={Object {}}
    >
      2022-02-04
    </Text>
  </View>
</View>
`;
